[shell-storm.org/x86doc/index.html]
[backblue.gif]
[fade.gif]
[index.html]
[www.googletagmanager.com/gtag/jsb2d6]
[shell-storm.org/x86doc/AAA.html]
[shell-storm.org/x86doc/AAD.html]
[shell-storm.org/x86doc/AAM.html]
[shell-storm.org/x86doc/AAS.html]
[shell-storm.org/x86doc/ADC.html]
[shell-storm.org/x86doc/ADCX.html]
[shell-storm.org/x86doc/ADD.html]
[shell-storm.org/x86doc/ADDPD.html]
[shell-storm.org/x86doc/ADDPS.html]
[shell-storm.org/x86doc/ADDSD.html]
[shell-storm.org/x86doc/ADDSS.html]
[shell-storm.org/x86doc/ADDSUBPD.html]
[shell-storm.org/x86doc/ADDSUBPS.html]
[shell-storm.org/x86doc/ADOX.html]
[shell-storm.org/x86doc/AESDEC.html]
[shell-storm.org/x86doc/AESDECLAST.html]
[shell-storm.org/x86doc/AESENC.html]
[shell-storm.org/x86doc/AESENCLAST.html]
[shell-storm.org/x86doc/AESIMC.html]
[shell-storm.org/x86doc/AESKEYGENASSIST.html]
[shell-storm.org/x86doc/AND.html]
[shell-storm.org/x86doc/ANDN.html]
[shell-storm.org/x86doc/ANDNPD.html]
[shell-storm.org/x86doc/ANDNPS.html]
[shell-storm.org/x86doc/ANDPD.html]
[shell-storm.org/x86doc/ANDPS.html]
[shell-storm.org/x86doc/ARPL.html]
[shell-storm.org/x86doc/BEXTR.html]
[shell-storm.org/x86doc/BLENDPD.html]
[shell-storm.org/x86doc/BLENDPS.html]
[shell-storm.org/x86doc/BLENDVPD.html]
[shell-storm.org/x86doc/BLENDVPS.html]
[shell-storm.org/x86doc/BLSI.html]
[shell-storm.org/x86doc/BLSMSK.html]
[shell-storm.org/x86doc/BLSR.html]
[shell-storm.org/x86doc/BNDCL.html]
[shell-storm.org/x86doc/BNDCU_BNDCN.html]
[shell-storm.org/x86doc/BNDLDX.html]
[shell-storm.org/x86doc/BNDMK.html]
[shell-storm.org/x86doc/BNDMOV.html]
[shell-storm.org/x86doc/BNDSTX.html]
[shell-storm.org/x86doc/BOUND.html]
[shell-storm.org/x86doc/BSF.html]
[shell-storm.org/x86doc/BSR.html]
[shell-storm.org/x86doc/BSWAP.html]
[shell-storm.org/x86doc/BT.html]
[shell-storm.org/x86doc/BTC.html]
[shell-storm.org/x86doc/BTR.html]
[shell-storm.org/x86doc/BTS.html]
[shell-storm.org/x86doc/BZHI.html]
[shell-storm.org/x86doc/CALL.html]
[shell-storm.org/x86doc/CBW_CWDE_CDQE.html]
[shell-storm.org/x86doc/CLAC.html]
[shell-storm.org/x86doc/CLC.html]
[shell-storm.org/x86doc/CLD.html]
[shell-storm.org/x86doc/CLFLUSH.html]
[shell-storm.org/x86doc/CLFLUSHOPT.html]
[shell-storm.org/x86doc/CLI.html]
[shell-storm.org/x86doc/CLTS.html]
[shell-storm.org/x86doc/CMC.html]
[shell-storm.org/x86doc/CMOVcc.html]
[shell-storm.org/x86doc/CMP.html]
[shell-storm.org/x86doc/CMPPD.html]
[shell-storm.org/x86doc/CMPPS.html]
[shell-storm.org/x86doc/CMPSD.html]
[shell-storm.org/x86doc/CMPSS.html]
[shell-storm.org/x86doc/CMPS_CMPSB_CMPSW_CMPSD_CMPSQ.html]
[shell-storm.org/x86doc/CMPXCHG.html]
[shell-storm.org/x86doc/CMPXCHG8B_CMPXCHG16B.html]
[shell-storm.org/x86doc/COMISD.html]
[shell-storm.org/x86doc/COMISS.html]
[shell-storm.org/x86doc/CPUID.html]
[shell-storm.org/x86doc/CRC32.html]
[shell-storm.org/x86doc/CVTDQ2PD.html]
[shell-storm.org/x86doc/CVTDQ2PS.html]
[shell-storm.org/x86doc/CVTPD2DQ.html]
[shell-storm.org/x86doc/CVTPD2PI.html]
[shell-storm.org/x86doc/CVTPD2PS.html]
[shell-storm.org/x86doc/CVTPI2PD.html]
[shell-storm.org/x86doc/CVTPI2PS.html]
[shell-storm.org/x86doc/CVTPS2DQ.html]
[shell-storm.org/x86doc/CVTPS2PD.html]
[shell-storm.org/x86doc/CVTPS2PI.html]
[shell-storm.org/x86doc/CVTSD2SI.html]
[shell-storm.org/x86doc/CVTSD2SS.html]
[shell-storm.org/x86doc/CVTSI2SD.html]
[shell-storm.org/x86doc/CVTSI2SS.html]
[shell-storm.org/x86doc/CVTSS2SD.html]
[shell-storm.org/x86doc/CVTSS2SI.html]
[shell-storm.org/x86doc/CVTTPD2DQ.html]
[shell-storm.org/x86doc/CVTTPD2PI.html]
[shell-storm.org/x86doc/CVTTPS2DQ.html]
[shell-storm.org/x86doc/CVTTPS2PI.html]
[shell-storm.org/x86doc/CVTTSD2SI.html]
[shell-storm.org/x86doc/CVTTSS2SI.html]
[shell-storm.org/x86doc/CWD_CDQ_CQO.html]
[shell-storm.org/x86doc/DAA.html]
[shell-storm.org/x86doc/DAS.html]
[shell-storm.org/x86doc/DEC.html]
[shell-storm.org/x86doc/DIV.html]
[shell-storm.org/x86doc/DIVPD.html]
[shell-storm.org/x86doc/DIVPS.html]
[shell-storm.org/x86doc/DIVSD.html]
[shell-storm.org/x86doc/DIVSS.html]
[shell-storm.org/x86doc/DPPD.html]
[shell-storm.org/x86doc/DPPS.html]
[shell-storm.org/x86doc/EMMS.html]
[shell-storm.org/x86doc/ENTER.html]
[shell-storm.org/x86doc/EXTRACTPS.html]
[shell-storm.org/x86doc/F2XM1.html]
[shell-storm.org/x86doc/FABS.html]
[shell-storm.org/x86doc/FADD_FADDP_FIADD.html]
[shell-storm.org/x86doc/FBLD.html]
[shell-storm.org/x86doc/FBSTP.html]
[shell-storm.org/x86doc/FCHS.html]
[shell-storm.org/x86doc/FCLEX_FNCLEX.html]
[shell-storm.org/x86doc/FCMOVcc.html]
[shell-storm.org/x86doc/FCOMI_FCOMIP_FUCOMI_FUCOMIP.html]
[shell-storm.org/x86doc/FCOM_FCOMP_FCOMPP.html]
[shell-storm.org/x86doc/FCOS.html]
[shell-storm.org/x86doc/FDECSTP.html]
[shell-storm.org/x86doc/FDIVR_FDIVRP_FIDIVR.html]
[shell-storm.org/x86doc/FDIV_FDIVP_FIDIV.html]
[shell-storm.org/x86doc/FFREE.html]
[shell-storm.org/x86doc/FICOM_FICOMP.html]
[shell-storm.org/x86doc/FILD.html]
[shell-storm.org/x86doc/FINCSTP.html]
[shell-storm.org/x86doc/FINIT_FNINIT.html]
[shell-storm.org/x86doc/FISTTP.html]
[shell-storm.org/x86doc/FIST_FISTP.html]
[shell-storm.org/x86doc/FLD.html]
[shell-storm.org/x86doc/FLD1_FLDL2T_FLDL2E_FLDPI_FLDLG2_FLDLN2_FLDZ.html]
[shell-storm.org/x86doc/FLDCW.html]
[shell-storm.org/x86doc/FLDENV.html]
[shell-storm.org/x86doc/FMUL_FMULP_FIMUL.html]
[shell-storm.org/x86doc/FNOP.html]
[shell-storm.org/x86doc/FPATAN.html]
[shell-storm.org/x86doc/FPREM.html]
[shell-storm.org/x86doc/FPREM1.html]
[shell-storm.org/x86doc/FPTAN.html]
[shell-storm.org/x86doc/FRNDINT.html]
[shell-storm.org/x86doc/FRSTOR.html]
[shell-storm.org/x86doc/FSAVE_FNSAVE.html]
[shell-storm.org/x86doc/FSCALE.html]
[shell-storm.org/x86doc/FSIN.html]
[shell-storm.org/x86doc/FSINCOS.html]
[shell-storm.org/x86doc/FSQRT.html]
[shell-storm.org/x86doc/FSTCW_FNSTCW.html]
[shell-storm.org/x86doc/FSTENV_FNSTENV.html]
[shell-storm.org/x86doc/FSTSW_FNSTSW.html]
[shell-storm.org/x86doc/FST_FSTP.html]
[shell-storm.org/x86doc/FSUBR_FSUBRP_FISUBR.html]
[shell-storm.org/x86doc/FSUB_FSUBP_FISUB.html]
[shell-storm.org/x86doc/FTST.html]
[shell-storm.org/x86doc/FUCOM_FUCOMP_FUCOMPP.html]
[shell-storm.org/x86doc/FXAM.html]
[shell-storm.org/x86doc/FXCH.html]
[shell-storm.org/x86doc/FXRSTOR.html]
[shell-storm.org/x86doc/FXSAVE.html]
[shell-storm.org/x86doc/FXTRACT.html]
[shell-storm.org/x86doc/FYL2X.html]
[shell-storm.org/x86doc/FYL2XP1.html]
[shell-storm.org/x86doc/HADDPD.html]
[shell-storm.org/x86doc/HADDPS.html]
[shell-storm.org/x86doc/HLT.html]
[shell-storm.org/x86doc/HSUBPD.html]
[shell-storm.org/x86doc/HSUBPS.html]
[shell-storm.org/x86doc/IDIV.html]
[shell-storm.org/x86doc/IMUL.html]
[shell-storm.org/x86doc/IN.html]
[shell-storm.org/x86doc/INC.html]
[shell-storm.org/x86doc/INSERTPS.html]
[shell-storm.org/x86doc/INS_INSB_INSW_INSD.html]
[shell-storm.org/x86doc/INT_n_INTO_INT_3.html]
[shell-storm.org/x86doc/INVD.html]
[shell-storm.org/x86doc/INVLPG.html]
[shell-storm.org/x86doc/INVPCID.html]
[shell-storm.org/x86doc/IRET_IRETD.html]
[shell-storm.org/x86doc/JMP.html]
[shell-storm.org/x86doc/Jcc.html]
[shell-storm.org/x86doc/KADDW_KADDB_KADDQ_KADDD.html]
[shell-storm.org/x86doc/KANDNW_KANDNB_KANDNQ_KANDND.html]
[shell-storm.org/x86doc/KANDW_KANDB_KANDQ_KANDD.html]
[shell-storm.org/x86doc/KMOVW_KMOVB_KMOVQ_KMOVD.html]
[shell-storm.org/x86doc/KNOTW_KNOTB_KNOTQ_KNOTD.html]
[shell-storm.org/x86doc/KORTESTW_KORTESTB_KORTESTQ_KORTESTD.html]
[shell-storm.org/x86doc/KORW_KORB_KORQ_KORD.html]
[shell-storm.org/x86doc/KSHIFTLW_KSHIFTLB_KSHIFTLQ_KSHIFTLD.html]
[shell-storm.org/x86doc/KSHIFTRW_KSHIFTRB_KSHIFTRQ_KSHIFTRD.html]
[shell-storm.org/x86doc/KTESTW_KTESTB_KTESTQ_KTESTD.html]
[shell-storm.org/x86doc/KUNPCKBW_KUNPCKWD_KUNPCKDQ.html]
[shell-storm.org/x86doc/KXNORW_KXNORB_KXNORQ_KXNORD.html]
[shell-storm.org/x86doc/KXORW_KXORB_KXORQ_KXORD.html]
[shell-storm.org/x86doc/LAHF.html]
[shell-storm.org/x86doc/LAR.html]
[shell-storm.org/x86doc/LDDQU.html]
[shell-storm.org/x86doc/LDMXCSR.html]
[shell-storm.org/x86doc/LDS_LES_LFS_LGS_LSS.html]
[shell-storm.org/x86doc/LEA.html]
[shell-storm.org/x86doc/LEAVE.html]
[shell-storm.org/x86doc/LFENCE.html]
[shell-storm.org/x86doc/LGDT_LIDT.html]
[shell-storm.org/x86doc/LLDT.html]
[shell-storm.org/x86doc/LMSW.html]
[shell-storm.org/x86doc/LOCK.html]
[shell-storm.org/x86doc/LODS_LODSB_LODSW_LODSD_LODSQ.html]
[shell-storm.org/x86doc/LOOP_LOOPcc.html]
[shell-storm.org/x86doc/LSL.html]
[shell-storm.org/x86doc/LTR.html]
[shell-storm.org/x86doc/LZCNT.html]
[shell-storm.org/x86doc/MASKMOVDQU.html]
[shell-storm.org/x86doc/MASKMOVQ.html]
[shell-storm.org/x86doc/MAXPD.html]
[shell-storm.org/x86doc/MAXPS.html]
[shell-storm.org/x86doc/MAXSD.html]
[shell-storm.org/x86doc/MAXSS.html]
[shell-storm.org/x86doc/MFENCE.html]
[shell-storm.org/x86doc/MINPD.html]
[shell-storm.org/x86doc/MINPS.html]
[shell-storm.org/x86doc/MINSD.html]
[shell-storm.org/x86doc/MINSS.html]
[shell-storm.org/x86doc/MONITOR.html]
[shell-storm.org/x86doc/MOV-1.html]
[shell-storm.org/x86doc/MOVAPD.html]
[shell-storm.org/x86doc/MOVAPS.html]
[shell-storm.org/x86doc/MOVBE.html]
[shell-storm.org/x86doc/MOVDDUP.html]
[shell-storm.org/x86doc/MOVDQ2Q.html]
[shell-storm.org/x86doc/MOVDQA,VMOVDQA32_64.html]
[shell-storm.org/x86doc/MOVDQU,VMOVDQU8_16_32_64.html]
[shell-storm.org/x86doc/MOVD_MOVQ.html]
[shell-storm.org/x86doc/MOVHLPS.html]
[shell-storm.org/x86doc/MOVHPD.html]
[shell-storm.org/x86doc/MOVHPS.html]
[shell-storm.org/x86doc/MOVLHPS.html]
[shell-storm.org/x86doc/MOVLPD.html]
[shell-storm.org/x86doc/MOVLPS.html]
[shell-storm.org/x86doc/MOVMSKPD.html]
[shell-storm.org/x86doc/MOVMSKPS.html]
[shell-storm.org/x86doc/MOVNTDQ.html]
[shell-storm.org/x86doc/MOVNTDQA.html]
[shell-storm.org/x86doc/MOVNTI.html]
[shell-storm.org/x86doc/MOVNTPD.html]
[shell-storm.org/x86doc/MOVNTPS.html]
[shell-storm.org/x86doc/MOVNTQ.html]
[shell-storm.org/x86doc/MOVQ.html]
[shell-storm.org/x86doc/MOVQ2DQ.html]
[shell-storm.org/x86doc/MOVSD.html]
[shell-storm.org/x86doc/MOVSHDUP.html]
[shell-storm.org/x86doc/MOVSLDUP.html]
[shell-storm.org/x86doc/MOVSS.html]
[shell-storm.org/x86doc/MOVSX_MOVSXD.html]
[shell-storm.org/x86doc/MOVS_MOVSB_MOVSW_MOVSD_MOVSQ.html]
[shell-storm.org/x86doc/MOVUPD.html]
[shell-storm.org/x86doc/MOVUPS.html]
[shell-storm.org/x86doc/MOVZX.html]
[shell-storm.org/x86doc/MPSADBW.html]
[shell-storm.org/x86doc/MUL.html]
[shell-storm.org/x86doc/MULPD.html]
[shell-storm.org/x86doc/MULPS.html]
[shell-storm.org/x86doc/MULSD.html]
[shell-storm.org/x86doc/MULSS.html]
[shell-storm.org/x86doc/MULX.html]
[shell-storm.org/x86doc/MWAIT.html]
[shell-storm.org/x86doc/NEG.html]
[shell-storm.org/x86doc/NOP.html]
[shell-storm.org/x86doc/NOT.html]
[shell-storm.org/x86doc/OR.html]
[shell-storm.org/x86doc/ORPD.html]
[shell-storm.org/x86doc/ORPS.html]
[shell-storm.org/x86doc/OUT.html]
[shell-storm.org/x86doc/OUTS_OUTSB_OUTSW_OUTSD.html]
[shell-storm.org/x86doc/PABSB_PABSW_PABSD_PABSQ.html]
[shell-storm.org/x86doc/PACKSSWB_PACKSSDW.html]
[shell-storm.org/x86doc/PACKUSDW.html]
[shell-storm.org/x86doc/PACKUSWB.html]
[shell-storm.org/x86doc/PADDB_PADDW_PADDD_PADDQ.html]
[shell-storm.org/x86doc/PADDSB_PADDSW.html]
[shell-storm.org/x86doc/PADDUSB_PADDUSW.html]
[shell-storm.org/x86doc/PALIGNR.html]
[shell-storm.org/x86doc/PAND.html]
[shell-storm.org/x86doc/PANDN.html]
[shell-storm.org/x86doc/PAUSE.html]
[shell-storm.org/x86doc/PAVGB_PAVGW.html]
[shell-storm.org/x86doc/PBLENDVB.html]
[shell-storm.org/x86doc/PBLENDW.html]
[shell-storm.org/x86doc/PCLMULQDQ.html]
[shell-storm.org/x86doc/PCMPEQB_PCMPEQW_PCMPEQD.html]
[shell-storm.org/x86doc/PCMPEQQ.html]
[shell-storm.org/x86doc/PCMPESTRI.html]
[shell-storm.org/x86doc/PCMPESTRM.html]
[shell-storm.org/x86doc/PCMPGTB_PCMPGTW_PCMPGTD.html]
[shell-storm.org/x86doc/PCMPGTQ.html]
[shell-storm.org/x86doc/PCMPISTRI.html]
[shell-storm.org/x86doc/PCMPISTRM.html]
[shell-storm.org/x86doc/PDEP.html]
[shell-storm.org/x86doc/PEXT.html]
[shell-storm.org/x86doc/PEXTRB_PEXTRD_PEXTRQ.html]
[shell-storm.org/x86doc/PEXTRW.html]
[shell-storm.org/x86doc/PHADDSW.html]
[shell-storm.org/x86doc/PHADDW_PHADDD.html]
[shell-storm.org/x86doc/PHMINPOSUW.html]
[shell-storm.org/x86doc/PHSUBSW.html]
[shell-storm.org/x86doc/PHSUBW_PHSUBD.html]
[shell-storm.org/x86doc/PINSRB_PINSRD_PINSRQ.html]
[shell-storm.org/x86doc/PINSRW.html]
[shell-storm.org/x86doc/PMADDUBSW.html]
[shell-storm.org/x86doc/PMADDWD.html]
[shell-storm.org/x86doc/PMAXSB_PMAXSW_PMAXSD_PMAXSQ.html]
[shell-storm.org/x86doc/PMAXUB_PMAXUW.html]
[shell-storm.org/x86doc/PMAXUD_PMAXUQ.html]
[shell-storm.org/x86doc/PMINSB_PMINSW.html]
[shell-storm.org/x86doc/PMINSD_PMINSQ.html]
[shell-storm.org/x86doc/PMINUB_PMINUW.html]
[shell-storm.org/x86doc/PMINUD_PMINUQ.html]
[shell-storm.org/x86doc/PMOVMSKB.html]
[shell-storm.org/x86doc/PMOVSX.html]
[shell-storm.org/x86doc/PMOVZX.html]
[shell-storm.org/x86doc/PMULDQ.html]
[shell-storm.org/x86doc/PMULHRSW.html]
[shell-storm.org/x86doc/PMULHUW.html]
[shell-storm.org/x86doc/PMULHW.html]
[shell-storm.org/x86doc/PMULLD_PMULLQ.html]
[shell-storm.org/x86doc/PMULLW.html]
[shell-storm.org/x86doc/PMULUDQ.html]
[shell-storm.org/x86doc/POP.html]
[shell-storm.org/x86doc/POPA_POPAD.html]
[shell-storm.org/x86doc/POPCNT.html]
[shell-storm.org/x86doc/POPF_POPFD_POPFQ.html]
[shell-storm.org/x86doc/POR.html]
[shell-storm.org/x86doc/PREFETCHW.html]
[shell-storm.org/x86doc/PREFETCHWT1.html]
[shell-storm.org/x86doc/PREFETCHh.html]
[shell-storm.org/x86doc/PROLD_PROLVD_PROLQ_PROLVQ.html]
[shell-storm.org/x86doc/PRORD_PRORVD_PRORQ_PRORVQ.html]
[shell-storm.org/x86doc/PSADBW.html]
[shell-storm.org/x86doc/PSHUFB.html]
[shell-storm.org/x86doc/PSHUFD.html]
[shell-storm.org/x86doc/PSHUFHW.html]
[shell-storm.org/x86doc/PSHUFLW.html]
[shell-storm.org/x86doc/PSHUFW.html]
[shell-storm.org/x86doc/PSIGNB_PSIGNW_PSIGND.html]
[shell-storm.org/x86doc/PSLLDQ.html]
[shell-storm.org/x86doc/PSLLW_PSLLD_PSLLQ.html]
[shell-storm.org/x86doc/PSRAW_PSRAD_PSRAQ.html]
[shell-storm.org/x86doc/PSRLDQ.html]
[shell-storm.org/x86doc/PSRLW_PSRLD_PSRLQ.html]
[shell-storm.org/x86doc/PSUBB_PSUBW_PSUBD.html]
[shell-storm.org/x86doc/PSUBQ.html]
[shell-storm.org/x86doc/PSUBSB_PSUBSW.html]
[shell-storm.org/x86doc/PSUBUSB_PSUBUSW.html]
[shell-storm.org/x86doc/PTEST.html]
[shell-storm.org/x86doc/PTWRITE.html]
[shell-storm.org/x86doc/PUNPCKHBW_PUNPCKHWD_PUNPCKHDQ_PUNPCKHQDQ.html]
[shell-storm.org/x86doc/PUNPCKLBW_PUNPCKLWD_PUNPCKLDQ_PUNPCKLQDQ.html]
[shell-storm.org/x86doc/PUSH.html]
[shell-storm.org/x86doc/PUSHA_PUSHAD.html]
[shell-storm.org/x86doc/PUSHF_PUSHFD.html]
[shell-storm.org/x86doc/PXOR.html]
[shell-storm.org/x86doc/RCL_RCR_ROL_ROR.html]
[shell-storm.org/x86doc/RCPPS.html]
[shell-storm.org/x86doc/RCPSS.html]
[shell-storm.org/x86doc/RDFSBASE_RDGSBASE.html]
[shell-storm.org/x86doc/RDMSR.html]
[shell-storm.org/x86doc/RDPID.html]
[shell-storm.org/x86doc/RDPKRU.html]
[shell-storm.org/x86doc/RDPMC.html]
[shell-storm.org/x86doc/RDRAND.html]
[shell-storm.org/x86doc/RDSEED.html]
[shell-storm.org/x86doc/RDTSC.html]
[shell-storm.org/x86doc/RDTSCP.html]
[shell-storm.org/x86doc/REP_REPE_REPZ_REPNE_REPNZ.html]
[shell-storm.org/x86doc/RET.html]
[shell-storm.org/x86doc/RORX.html]
[shell-storm.org/x86doc/ROUNDPD.html]
[shell-storm.org/x86doc/ROUNDPS.html]
[shell-storm.org/x86doc/ROUNDSD.html]
[shell-storm.org/x86doc/ROUNDSS.html]
[shell-storm.org/x86doc/RSM.html]
[shell-storm.org/x86doc/RSQRTPS.html]
[shell-storm.org/x86doc/RSQRTSS.html]
[shell-storm.org/x86doc/SAHF.html]
[shell-storm.org/x86doc/SAL_SAR_SHL_SHR.html]
[shell-storm.org/x86doc/SARX_SHLX_SHRX.html]
[shell-storm.org/x86doc/SBB.html]
[shell-storm.org/x86doc/SCAS_SCASB_SCASW_SCASD.html]
[shell-storm.org/x86doc/SETcc.html]
[shell-storm.org/x86doc/SFENCE.html]
[shell-storm.org/x86doc/SGDT.html]
[shell-storm.org/x86doc/SHA1MSG1.html]
[shell-storm.org/x86doc/SHA1MSG2.html]
[shell-storm.org/x86doc/SHA1NEXTE.html]
[shell-storm.org/x86doc/SHA1RNDS4.html]
[shell-storm.org/x86doc/SHA256MSG1.html]
[shell-storm.org/x86doc/SHA256MSG2.html]
[shell-storm.org/x86doc/SHA256RNDS2.html]
[shell-storm.org/x86doc/SHLD.html]
[shell-storm.org/x86doc/SHRD.html]
[shell-storm.org/x86doc/SHUFPD.html]
[shell-storm.org/x86doc/SHUFPS.html]
[shell-storm.org/x86doc/SIDT.html]
[shell-storm.org/x86doc/SLDT.html]
[shell-storm.org/x86doc/SMSW.html]
[shell-storm.org/x86doc/SQRTPD.html]
[shell-storm.org/x86doc/SQRTPS.html]
[shell-storm.org/x86doc/SQRTSD.html]
[shell-storm.org/x86doc/SQRTSS.html]
[shell-storm.org/x86doc/STAC.html]
[shell-storm.org/x86doc/STC.html]
[shell-storm.org/x86doc/STD.html]
[shell-storm.org/x86doc/STI.html]
[shell-storm.org/x86doc/STMXCSR.html]
[shell-storm.org/x86doc/STOS_STOSB_STOSW_STOSD_STOSQ.html]
[shell-storm.org/x86doc/STR.html]
[shell-storm.org/x86doc/SUB.html]
[shell-storm.org/x86doc/SUBPD.html]
[shell-storm.org/x86doc/SUBPS.html]
[shell-storm.org/x86doc/SUBSD.html]
[shell-storm.org/x86doc/SUBSS.html]
[shell-storm.org/x86doc/SWAPGS.html]
[shell-storm.org/x86doc/SYSCALL.html]
[shell-storm.org/x86doc/SYSENTER.html]
[shell-storm.org/x86doc/SYSEXIT.html]
[shell-storm.org/x86doc/SYSRET.html]
[shell-storm.org/x86doc/TEST.html]
[shell-storm.org/x86doc/TZCNT.html]
[shell-storm.org/x86doc/UCOMISD.html]
[shell-storm.org/x86doc/UCOMISS.html]
[shell-storm.org/x86doc/UD2.html]
[shell-storm.org/x86doc/UNPCKHPD.html]
[shell-storm.org/x86doc/UNPCKHPS.html]
[shell-storm.org/x86doc/UNPCKLPD.html]
[shell-storm.org/x86doc/UNPCKLPS.html]
[shell-storm.org/x86doc/VALIGND_VALIGNQ.html]
[shell-storm.org/x86doc/VBLENDMPD_VBLENDMPS.html]
[shell-storm.org/x86doc/VBROADCAST.html]
[shell-storm.org/x86doc/VCOMPRESSPD.html]
[shell-storm.org/x86doc/VCOMPRESSPS.html]
[shell-storm.org/x86doc/VCVTPD2QQ.html]
[shell-storm.org/x86doc/VCVTPD2UDQ.html]
[shell-storm.org/x86doc/VCVTPD2UQQ.html]
[shell-storm.org/x86doc/VCVTPH2PS.html]
[shell-storm.org/x86doc/VCVTPS2PH.html]
[shell-storm.org/x86doc/VCVTPS2QQ.html]
[shell-storm.org/x86doc/VCVTPS2UDQ.html]
[shell-storm.org/x86doc/VCVTPS2UQQ.html]
[shell-storm.org/x86doc/VCVTQQ2PD.html]
[shell-storm.org/x86doc/VCVTQQ2PS.html]
[shell-storm.org/x86doc/VCVTSD2USI.html]
[shell-storm.org/x86doc/VCVTSS2USI.html]
[shell-storm.org/x86doc/VCVTTPD2QQ.html]
[shell-storm.org/x86doc/VCVTTPD2UDQ.html]
[shell-storm.org/x86doc/VCVTTPD2UQQ.html]
[shell-storm.org/x86doc/VCVTTPS2QQ.html]
[shell-storm.org/x86doc/VCVTTPS2UDQ.html]
[shell-storm.org/x86doc/VCVTTPS2UQQ.html]
[shell-storm.org/x86doc/VCVTTSD2USI.html]
[shell-storm.org/x86doc/VCVTTSS2USI.html]
[shell-storm.org/x86doc/VCVTUDQ2PD.html]
[shell-storm.org/x86doc/VCVTUDQ2PS.html]
[shell-storm.org/x86doc/VCVTUQQ2PD.html]
[shell-storm.org/x86doc/VCVTUQQ2PS.html]
[shell-storm.org/x86doc/VCVTUSI2SD.html]
[shell-storm.org/x86doc/VCVTUSI2SS.html]
[shell-storm.org/x86doc/VDBPSADBW.html]
[shell-storm.org/x86doc/VERR_VERW.html]
[shell-storm.org/x86doc/VEXP2PD.html]
[shell-storm.org/x86doc/VEXP2PS.html]
[shell-storm.org/x86doc/VEXPANDPD.html]
[shell-storm.org/x86doc/VEXPANDPS.html]
[shell-storm.org/x86doc/VEXTRACTF128_VEXTRACTF32x4_VEXTRACTF64x2_VEXTRACTF32x8_VEXTRACTF64x4.html]
[shell-storm.org/x86doc/VEXTRACTI128_VEXTRACTI32x4_VEXTRACTI64x2_VEXTRACTI32x8_VEXTRACTI64x4.html]
[shell-storm.org/x86doc/VFIXUPIMMPD.html]
[shell-storm.org/x86doc/VFIXUPIMMPS.html]
[shell-storm.org/x86doc/VFIXUPIMMSD.html]
[shell-storm.org/x86doc/VFIXUPIMMSS.html]
[shell-storm.org/x86doc/VFMADD132PD_VFMADD213PD_VFMADD231PD.html]
[shell-storm.org/x86doc/VFMADD132PS_VFMADD213PS_VFMADD231PS.html]
[shell-storm.org/x86doc/VFMADD132SD_VFMADD213SD_VFMADD231SD.html]
[shell-storm.org/x86doc/VFMADD132SS_VFMADD213SS_VFMADD231SS.html]
[shell-storm.org/x86doc/VFMADDSUB132PD_VFMADDSUB213PD_VFMADDSUB231PD.html]
[shell-storm.org/x86doc/VFMADDSUB132PS_VFMADDSUB213PS_VFMADDSUB231PS.html]
[shell-storm.org/x86doc/VFMSUB132PD_VFMSUB213PD_VFMSUB231PD.html]
[shell-storm.org/x86doc/VFMSUB132PS_VFMSUB213PS_VFMSUB231PS.html]
[shell-storm.org/x86doc/VFMSUB132SD_VFMSUB213SD_VFMSUB231SD.html]
[shell-storm.org/x86doc/VFMSUB132SS_VFMSUB213SS_VFMSUB231SS.html]
[shell-storm.org/x86doc/VFMSUBADD132PD_VFMSUBADD213PD_VFMSUBADD231PD.html]
[shell-storm.org/x86doc/VFMSUBADD132PS_VFMSUBADD213PS_VFMSUBADD231PS.html]
[shell-storm.org/x86doc/VFNMADD132PD_VFNMADD213PD_VFNMADD231PD.html]
[shell-storm.org/x86doc/VFNMADD132PS_VFNMADD213PS_VFNMADD231PS.html]
[shell-storm.org/x86doc/VFNMADD132SD_VFNMADD213SD_VFNMADD231SD.html]
[shell-storm.org/x86doc/VFNMADD132SS_VFNMADD213SS_VFNMADD231SS.html]
[shell-storm.org/x86doc/VFNMSUB132PD_VFNMSUB213PD_VFNMSUB231PD.html]
[shell-storm.org/x86doc/VFNMSUB132PS_VFNMSUB213PS_VFNMSUB231PS.html]
[shell-storm.org/x86doc/VFNMSUB132SD_VFNMSUB213SD_VFNMSUB231SD.html]
[shell-storm.org/x86doc/VFNMSUB132SS_VFNMSUB213SS_VFNMSUB231SS.html]
[shell-storm.org/x86doc/VFPCLASSPD.html]
[shell-storm.org/x86doc/VFPCLASSPS.html]
[shell-storm.org/x86doc/VFPCLASSSD.html]
[shell-storm.org/x86doc/VFPCLASSSS.html]
[shell-storm.org/x86doc/VGATHERDPD_VGATHERQPD.html]
[shell-storm.org/x86doc/VGATHERDPS_VGATHERDPD.html]
[shell-storm.org/x86doc/VGATHERDPS_VGATHERQPS.html]
[shell-storm.org/x86doc/VGATHERPF0DPS_VGATHERPF0QPS_VGATHERPF0DPD_VGATHERPF0QPD.html]
[shell-storm.org/x86doc/VGATHERPF1DPS_VGATHERPF1QPS_VGATHERPF1DPD_VGATHERPF1QPD.html]
[shell-storm.org/x86doc/VGATHERQPS_VGATHERQPD.html]
[shell-storm.org/x86doc/VGETEXPPD.html]
[shell-storm.org/x86doc/VGETEXPPS.html]
[shell-storm.org/x86doc/VGETEXPSD.html]
[shell-storm.org/x86doc/VGETEXPSS.html]
[shell-storm.org/x86doc/VGETMANTPD.html]
[shell-storm.org/x86doc/VGETMANTPS.html]
[shell-storm.org/x86doc/VGETMANTSD.html]
[shell-storm.org/x86doc/VGETMANTSS.html]
[shell-storm.org/x86doc/VINSERTF128_VINSERTF32x4_VINSERTF64x2_VINSERTF32x8_VINSERTF64x4.html]
[shell-storm.org/x86doc/VINSERTI128_VINSERTI32x4_VINSERTI64x2_VINSERTI32x8_VINSERTI64x4.html]
[shell-storm.org/x86doc/VMASKMOV.html]
[shell-storm.org/x86doc/VPBLENDD.html]
[shell-storm.org/x86doc/VPBLENDMB_VPBLENDMW.html]
[shell-storm.org/x86doc/VPBLENDMD_VPBLENDMQ.html]
[shell-storm.org/x86doc/VPBROADCAST.html]
[shell-storm.org/x86doc/VPBROADCASTB_W_D_Q.html]
[shell-storm.org/x86doc/VPBROADCASTM.html]
[shell-storm.org/x86doc/VPCMPB_VPCMPUB.html]
[shell-storm.org/x86doc/VPCMPD_VPCMPUD.html]
[shell-storm.org/x86doc/VPCMPQ_VPCMPUQ.html]
[shell-storm.org/x86doc/VPCMPW_VPCMPUW.html]
[shell-storm.org/x86doc/VPCOMPRESSD.html]
[shell-storm.org/x86doc/VPCOMPRESSQ.html]
[shell-storm.org/x86doc/VPCONFLICTD_Q.html]
[shell-storm.org/x86doc/VPERM2F128.html]
[shell-storm.org/x86doc/VPERM2I128.html]
[shell-storm.org/x86doc/VPERMD_VPERMW.html]
[shell-storm.org/x86doc/VPERMI2W_D_Q_PS_PD.html]
[shell-storm.org/x86doc/VPERMILPD.html]
[shell-storm.org/x86doc/VPERMILPS.html]
[shell-storm.org/x86doc/VPERMPD.html]
[shell-storm.org/x86doc/VPERMPS.html]
[shell-storm.org/x86doc/VPERMQ.html]
[shell-storm.org/x86doc/VPEXPANDD.html]
[shell-storm.org/x86doc/VPEXPANDQ.html]
[shell-storm.org/x86doc/VPGATHERDD_VPGATHERDQ.html]
[shell-storm.org/x86doc/VPGATHERDD_VPGATHERQD.html]
[shell-storm.org/x86doc/VPGATHERDQ_VPGATHERQQ.html]
[shell-storm.org/x86doc/VPGATHERQD_VPGATHERQQ.html]
[shell-storm.org/x86doc/VPLZCNTD_Q.html]
[shell-storm.org/x86doc/VPMASKMOV.html]
[shell-storm.org/x86doc/VPMOVB2M_VPMOVW2M_VPMOVD2M_VPMOVQ2M.html]
[shell-storm.org/x86doc/VPMOVDB_VPMOVSDB_VPMOVUSDB.html]
[shell-storm.org/x86doc/VPMOVDW_VPMOVSDW_VPMOVUSDW.html]
[shell-storm.org/x86doc/VPMOVM2B_VPMOVM2W_VPMOVM2D_VPMOVM2Q.html]
[shell-storm.org/x86doc/VPMOVQB_VPMOVSQB_VPMOVUSQB.html]
[shell-storm.org/x86doc/VPMOVQD_VPMOVSQD_VPMOVUSQD.html]
[shell-storm.org/x86doc/VPMOVQW_VPMOVSQW_VPMOVUSQW.html]
[shell-storm.org/x86doc/VPMOVWB_VPMOVSWB_VPMOVUSWB.html]
[shell-storm.org/x86doc/VPSCATTERDD_VPSCATTERDQ_VPSCATTERQD_VPSCATTERQQ.html]
[shell-storm.org/x86doc/VPSLLVW_VPSLLVD_VPSLLVQ.html]
[shell-storm.org/x86doc/VPSRAVW_VPSRAVD_VPSRAVQ.html]
[shell-storm.org/x86doc/VPSRLVW_VPSRLVD_VPSRLVQ.html]
[shell-storm.org/x86doc/VPTERNLOGD_VPTERNLOGQ.html]
[shell-storm.org/x86doc/VPTESTMB_VPTESTMW_VPTESTMD_VPTESTMQ.html]
[shell-storm.org/x86doc/VPTESTNMB_W_D_Q.html]
[shell-storm.org/x86doc/VRANGEPD.html]
[shell-storm.org/x86doc/VRANGEPS.html]
[shell-storm.org/x86doc/VRANGESD.html]
[shell-storm.org/x86doc/VRANGESS.html]
[shell-storm.org/x86doc/VRCP14PD.html]
[shell-storm.org/x86doc/VRCP14PS.html]
[shell-storm.org/x86doc/VRCP14SD.html]
[shell-storm.org/x86doc/VRCP14SS.html]
[shell-storm.org/x86doc/VRCP28PD.html]
[shell-storm.org/x86doc/VRCP28PS.html]
[shell-storm.org/x86doc/VRCP28SD.html]
[shell-storm.org/x86doc/VRCP28SS.html]
[shell-storm.org/x86doc/VREDUCEPD.html]
[shell-storm.org/x86doc/VREDUCEPS.html]
[shell-storm.org/x86doc/VREDUCESD.html]
[shell-storm.org/x86doc/VREDUCESS.html]
[shell-storm.org/x86doc/VRNDSCALEPD.html]
[shell-storm.org/x86doc/VRNDSCALEPS.html]
[shell-storm.org/x86doc/VRNDSCALESD.html]
[shell-storm.org/x86doc/VRNDSCALESS.html]
[shell-storm.org/x86doc/VRSQRT14PD.html]
[shell-storm.org/x86doc/VRSQRT14PS.html]
[shell-storm.org/x86doc/VRSQRT14SD.html]
[shell-storm.org/x86doc/VRSQRT14SS.html]
[shell-storm.org/x86doc/VRSQRT28PD.html]
[shell-storm.org/x86doc/VRSQRT28PS.html]
[shell-storm.org/x86doc/VRSQRT28SD.html]
[shell-storm.org/x86doc/VRSQRT28SS.html]
[shell-storm.org/x86doc/VSCALEFPD.html]
[shell-storm.org/x86doc/VSCALEFPS.html]
[shell-storm.org/x86doc/VSCALEFSD.html]
[shell-storm.org/x86doc/VSCALEFSS.html]
[shell-storm.org/x86doc/VSCATTERDPS_VSCATTERDPD_VSCATTERQPS_VSCATTERQPD.html]
[shell-storm.org/x86doc/VSCATTERPF0DPS_VSCATTERPF0QPS_VSCATTERPF0DPD_VSCATTERPF0QPD.html]
[shell-storm.org/x86doc/VSCATTERPF1DPS_VSCATTERPF1QPS_VSCATTERPF1DPD_VSCATTERPF1QPD.html]
[shell-storm.org/x86doc/VSHUFF32x4_VSHUFF64x2_VSHUFI32x4_VSHUFI64x2.html]
[shell-storm.org/x86doc/VTESTPD_VTESTPS.html]
[shell-storm.org/x86doc/VZEROALL.html]
[shell-storm.org/x86doc/VZEROUPPER.html]
[shell-storm.org/x86doc/WAIT_FWAIT.html]
[shell-storm.org/x86doc/WBINVD.html]
[shell-storm.org/x86doc/WRFSBASE_WRGSBASE.html]
[shell-storm.org/x86doc/WRMSR.html]
[shell-storm.org/x86doc/WRPKRU.html]
[shell-storm.org/x86doc/XABORT.html]
[shell-storm.org/x86doc/XACQUIRE_XRELEASE.html]
[shell-storm.org/x86doc/XADD.html]
[shell-storm.org/x86doc/XBEGIN.html]
[shell-storm.org/x86doc/XCHG.html]
[shell-storm.org/x86doc/XEND.html]
[shell-storm.org/x86doc/XGETBV.html]
[shell-storm.org/x86doc/XLAT_XLATB.html]
[shell-storm.org/x86doc/XOR.html]
[shell-storm.org/x86doc/XORPD.html]
[shell-storm.org/x86doc/XORPS.html]
[shell-storm.org/x86doc/XRSTOR.html]
[shell-storm.org/x86doc/XRSTORS.html]
[shell-storm.org/x86doc/XSAVE.html]
[shell-storm.org/x86doc/XSAVEC.html]
[shell-storm.org/x86doc/XSAVEOPT.html]
[shell-storm.org/x86doc/XSAVES.html]
[shell-storm.org/x86doc/XSETBV.html]
[shell-storm.org/x86doc/XTEST.html]
[shell-storm.org/x86doc/index.html]
[fonts.googleapis.com/cssca44.css]
[shell-storm.org/x86doc/style.css]
[shell-storm.org/x86doc/AAA.html]
[shell-storm.org/x86doc/AAD.html]
[shell-storm.org/x86doc/AAM.html]
[shell-storm.org/x86doc/AAS.html]
[shell-storm.org/x86doc/ADC.html]
[shell-storm.org/x86doc/ADCX.html]
[shell-storm.org/x86doc/ADD.html]
[shell-storm.org/x86doc/ADDPD.html]
[shell-storm.org/x86doc/ADDPS.html]
[shell-storm.org/x86doc/ADDSD.html]
[shell-storm.org/x86doc/ADDSS.html]
[shell-storm.org/x86doc/ADDSUBPD.html]
[shell-storm.org/x86doc/ADDSUBPS.html]
[shell-storm.org/x86doc/ADOX.html]
[shell-storm.org/x86doc/AESDEC.html]
[shell-storm.org/x86doc/AESDECLAST.html]
[shell-storm.org/x86doc/AESENC.html]
[shell-storm.org/x86doc/AESENCLAST.html]
[shell-storm.org/x86doc/AESIMC.html]
[shell-storm.org/x86doc/AESKEYGENASSIST.html]
[shell-storm.org/x86doc/AND.html]
[shell-storm.org/x86doc/ANDN.html]
[shell-storm.org/x86doc/ANDNPD.html]
[shell-storm.org/x86doc/ANDNPS.html]
[shell-storm.org/x86doc/ANDPD.html]
[shell-storm.org/x86doc/ANDPS.html]
[shell-storm.org/x86doc/ARPL.html]
[shell-storm.org/x86doc/BEXTR.html]
[shell-storm.org/x86doc/BLENDPD.html]
[shell-storm.org/x86doc/BLENDPS.html]
[shell-storm.org/x86doc/BLENDVPD.html]
[shell-storm.org/x86doc/BLENDVPS.html]
[shell-storm.org/x86doc/BLSI.html]
[shell-storm.org/x86doc/BLSMSK.html]
[shell-storm.org/x86doc/BLSR.html]
[shell-storm.org/x86doc/BNDCL.html]
[shell-storm.org/x86doc/BNDCU_BNDCN.html]
[shell-storm.org/x86doc/BNDLDX.html]
[shell-storm.org/x86doc/BNDMK.html]
[shell-storm.org/x86doc/BNDMOV.html]
[shell-storm.org/x86doc/BNDSTX.html]
[shell-storm.org/x86doc/BOUND.html]
[shell-storm.org/x86doc/BSF.html]
[shell-storm.org/x86doc/BSR.html]
[shell-storm.org/x86doc/BSWAP.html]
[shell-storm.org/x86doc/BT.html]
[shell-storm.org/x86doc/BTC.html]
[shell-storm.org/x86doc/BTR.html]
[shell-storm.org/x86doc/BTS.html]
[shell-storm.org/x86doc/BZHI.html]
[shell-storm.org/x86doc/CALL.html]
[shell-storm.org/x86doc/CBW_CWDE_CDQE.html]
[shell-storm.org/x86doc/CLAC.html]
[shell-storm.org/x86doc/CLC.html]
[shell-storm.org/x86doc/CLD.html]
[shell-storm.org/x86doc/CLFLUSH.html]
[shell-storm.org/x86doc/CLFLUSHOPT.html]
[shell-storm.org/x86doc/CLI.html]
[shell-storm.org/x86doc/CLTS.html]
[shell-storm.org/x86doc/CMC.html]
[shell-storm.org/x86doc/CMOVcc.html]
[shell-storm.org/x86doc/CMP.html]
[shell-storm.org/x86doc/CMPPD.html]
[shell-storm.org/x86doc/CMPPS.html]
[shell-storm.org/x86doc/CMPSD.html]
[shell-storm.org/x86doc/CMPSS.html]
[shell-storm.org/x86doc/CMPS_CMPSB_CMPSW_CMPSD_CMPSQ.html]
[shell-storm.org/x86doc/CMPXCHG.html]
[shell-storm.org/x86doc/CMPXCHG8B_CMPXCHG16B.html]
[shell-storm.org/x86doc/COMISD.html]
[shell-storm.org/x86doc/COMISS.html]
[shell-storm.org/x86doc/CPUID.html]
[shell-storm.org/x86doc/CRC32.html]
[shell-storm.org/x86doc/CVTDQ2PD.html]
[shell-storm.org/x86doc/CVTDQ2PS.html]
[shell-storm.org/x86doc/CVTPD2DQ.html]
[shell-storm.org/x86doc/CVTPD2PI.html]
[shell-storm.org/x86doc/CVTPD2PS.html]
[shell-storm.org/x86doc/CVTPI2PD.html]
[shell-storm.org/x86doc/CVTPI2PS.html]
[shell-storm.org/x86doc/CVTPS2DQ.html]
[shell-storm.org/x86doc/CVTPS2PD.html]
[shell-storm.org/x86doc/CVTPS2PI.html]
[shell-storm.org/x86doc/CVTSD2SI.html]
[shell-storm.org/x86doc/CVTSD2SS.html]
[shell-storm.org/x86doc/CVTSI2SD.html]
[shell-storm.org/x86doc/CVTSI2SS.html]
[shell-storm.org/x86doc/CVTSS2SD.html]
[shell-storm.org/x86doc/CVTSS2SI.html]
[shell-storm.org/x86doc/CVTTPD2DQ.html]
[shell-storm.org/x86doc/CVTTPD2PI.html]
[shell-storm.org/x86doc/CVTTPS2DQ.html]
[shell-storm.org/x86doc/CVTTPS2PI.html]
[shell-storm.org/x86doc/CVTTSD2SI.html]
[shell-storm.org/x86doc/CVTTSS2SI.html]
[shell-storm.org/x86doc/CWD_CDQ_CQO.html]
[shell-storm.org/x86doc/DAA.html]
[shell-storm.org/x86doc/DAS.html]
[shell-storm.org/x86doc/DEC.html]
[shell-storm.org/x86doc/DIV.html]
[shell-storm.org/x86doc/DIVPD.html]
[shell-storm.org/x86doc/DIVPS.html]
[shell-storm.org/x86doc/DIVSD.html]
[shell-storm.org/x86doc/DIVSS.html]
[shell-storm.org/x86doc/DPPD.html]
[shell-storm.org/x86doc/DPPS.html]
[shell-storm.org/x86doc/EMMS.html]
[shell-storm.org/x86doc/ENTER.html]
[shell-storm.org/x86doc/EXTRACTPS.html]
[shell-storm.org/x86doc/F2XM1.html]
[shell-storm.org/x86doc/FABS.html]
[shell-storm.org/x86doc/FADD_FADDP_FIADD.html]
[shell-storm.org/x86doc/FBLD.html]
[shell-storm.org/x86doc/FBSTP.html]
[shell-storm.org/x86doc/FCHS.html]
[shell-storm.org/x86doc/FCLEX_FNCLEX.html]
[shell-storm.org/x86doc/FCMOVcc.html]
[shell-storm.org/x86doc/FCOMI_FCOMIP_FUCOMI_FUCOMIP.html]
[shell-storm.org/x86doc/FCOM_FCOMP_FCOMPP.html]
[shell-storm.org/x86doc/FCOS.html]
[shell-storm.org/x86doc/FDECSTP.html]
[shell-storm.org/x86doc/FDIVR_FDIVRP_FIDIVR.html]
[shell-storm.org/x86doc/FDIV_FDIVP_FIDIV.html]
[shell-storm.org/x86doc/FFREE.html]
[shell-storm.org/x86doc/FICOM_FICOMP.html]
[shell-storm.org/x86doc/FILD.html]
[shell-storm.org/x86doc/FINCSTP.html]
[shell-storm.org/x86doc/FINIT_FNINIT.html]
[shell-storm.org/x86doc/FISTTP.html]
[shell-storm.org/x86doc/FIST_FISTP.html]
[shell-storm.org/x86doc/FLD.html]
[shell-storm.org/x86doc/FLD1_FLDL2T_FLDL2E_FLDPI_FLDLG2_FLDLN2_FLDZ.html]
[shell-storm.org/x86doc/FLDCW.html]
[shell-storm.org/x86doc/FLDENV.html]
[shell-storm.org/x86doc/FMUL_FMULP_FIMUL.html]
[shell-storm.org/x86doc/FNOP.html]
[shell-storm.org/x86doc/FPATAN.html]
[shell-storm.org/x86doc/FPREM.html]
[shell-storm.org/x86doc/FPREM1.html]
[shell-storm.org/x86doc/FPTAN.html]
[shell-storm.org/x86doc/FRNDINT.html]
[shell-storm.org/x86doc/FRSTOR.html]
[shell-storm.org/x86doc/FSAVE_FNSAVE.html]
[shell-storm.org/x86doc/FSCALE.html]
[shell-storm.org/x86doc/FSIN.html]
[shell-storm.org/x86doc/FSINCOS.html]
[shell-storm.org/x86doc/FSQRT.html]
[shell-storm.org/x86doc/FSTCW_FNSTCW.html]
[shell-storm.org/x86doc/FSTENV_FNSTENV.html]
[shell-storm.org/x86doc/FSTSW_FNSTSW.html]
[shell-storm.org/x86doc/FST_FSTP.html]
[shell-storm.org/x86doc/FSUBR_FSUBRP_FISUBR.html]
[shell-storm.org/x86doc/FSUB_FSUBP_FISUB.html]
[shell-storm.org/x86doc/FTST.html]
[shell-storm.org/x86doc/FUCOM_FUCOMP_FUCOMPP.html]
[shell-storm.org/x86doc/FXAM.html]
[shell-storm.org/x86doc/FXCH.html]
[shell-storm.org/x86doc/FXRSTOR.html]
[shell-storm.org/x86doc/FXSAVE.html]
[shell-storm.org/x86doc/FXTRACT.html]
[shell-storm.org/x86doc/FYL2X.html]
[shell-storm.org/x86doc/FYL2XP1.html]
[shell-storm.org/x86doc/HADDPD.html]
[shell-storm.org/x86doc/HADDPS.html]
[shell-storm.org/x86doc/HLT.html]
[shell-storm.org/x86doc/HSUBPD.html]
[shell-storm.org/x86doc/HSUBPS.html]
[shell-storm.org/x86doc/IDIV.html]
[shell-storm.org/x86doc/IMUL.html]
[shell-storm.org/x86doc/IN.html]
[shell-storm.org/x86doc/INC.html]
[shell-storm.org/x86doc/INSERTPS.html]
[shell-storm.org/x86doc/INS_INSB_INSW_INSD.html]
[shell-storm.org/x86doc/INT_n_INTO_INT_3.html]
[shell-storm.org/x86doc/INVD.html]
[shell-storm.org/x86doc/INVLPG.html]
[shell-storm.org/x86doc/INVPCID.html]
[shell-storm.org/x86doc/IRET_IRETD.html]
[shell-storm.org/x86doc/JMP.html]
[shell-storm.org/x86doc/Jcc.html]
[shell-storm.org/x86doc/KADDW_KADDB_KADDQ_KADDD.html]
[shell-storm.org/x86doc/KANDNW_KANDNB_KANDNQ_KANDND.html]
[shell-storm.org/x86doc/KANDW_KANDB_KANDQ_KANDD.html]
[shell-storm.org/x86doc/KMOVW_KMOVB_KMOVQ_KMOVD.html]
[shell-storm.org/x86doc/KNOTW_KNOTB_KNOTQ_KNOTD.html]
[shell-storm.org/x86doc/KORTESTW_KORTESTB_KORTESTQ_KORTESTD.html]
[shell-storm.org/x86doc/KORW_KORB_KORQ_KORD.html]
[shell-storm.org/x86doc/KSHIFTLW_KSHIFTLB_KSHIFTLQ_KSHIFTLD.html]
[shell-storm.org/x86doc/KSHIFTRW_KSHIFTRB_KSHIFTRQ_KSHIFTRD.html]
[shell-storm.org/x86doc/KTESTW_KTESTB_KTESTQ_KTESTD.html]
[shell-storm.org/x86doc/KUNPCKBW_KUNPCKWD_KUNPCKDQ.html]
[shell-storm.org/x86doc/KXNORW_KXNORB_KXNORQ_KXNORD.html]
[shell-storm.org/x86doc/KXORW_KXORB_KXORQ_KXORD.html]
[shell-storm.org/x86doc/LAHF.html]
[shell-storm.org/x86doc/LAR.html]
[shell-storm.org/x86doc/LDDQU.html]
[shell-storm.org/x86doc/LDMXCSR.html]
[shell-storm.org/x86doc/LDS_LES_LFS_LGS_LSS.html]
[shell-storm.org/x86doc/LEA.html]
[shell-storm.org/x86doc/LEAVE.html]
[shell-storm.org/x86doc/LFENCE.html]
[shell-storm.org/x86doc/LGDT_LIDT.html]
[shell-storm.org/x86doc/LLDT.html]
[shell-storm.org/x86doc/LMSW.html]
[shell-storm.org/x86doc/LOCK.html]
[shell-storm.org/x86doc/LODS_LODSB_LODSW_LODSD_LODSQ.html]
[shell-storm.org/x86doc/LOOP_LOOPcc.html]
[shell-storm.org/x86doc/LSL.html]
[shell-storm.org/x86doc/LTR.html]
[shell-storm.org/x86doc/LZCNT.html]
[shell-storm.org/x86doc/MASKMOVDQU.html]
[shell-storm.org/x86doc/MASKMOVQ.html]
[shell-storm.org/x86doc/MAXPD.html]
[shell-storm.org/x86doc/MAXPS.html]
[shell-storm.org/x86doc/MAXSD.html]
[shell-storm.org/x86doc/MAXSS.html]
[shell-storm.org/x86doc/MFENCE.html]
[shell-storm.org/x86doc/MINPD.html]
[shell-storm.org/x86doc/MINPS.html]
[shell-storm.org/x86doc/MINSD.html]
[shell-storm.org/x86doc/MINSS.html]
[shell-storm.org/x86doc/MONITOR.html]
[shell-storm.org/x86doc/MOV-1.html]
[shell-storm.org/x86doc/MOVAPD.html]
[shell-storm.org/x86doc/MOVAPS.html]
[shell-storm.org/x86doc/MOVBE.html]
[shell-storm.org/x86doc/MOVDDUP.html]
[shell-storm.org/x86doc/MOVDQ2Q.html]
[shell-storm.org/x86doc/MOVDQA,VMOVDQA32_64.html]
[shell-storm.org/x86doc/MOVDQU,VMOVDQU8_16_32_64.html]
[shell-storm.org/x86doc/MOVD_MOVQ.html]
[shell-storm.org/x86doc/MOVHLPS.html]
[shell-storm.org/x86doc/MOVHPD.html]
[shell-storm.org/x86doc/MOVHPS.html]
[shell-storm.org/x86doc/MOVLHPS.html]
[shell-storm.org/x86doc/MOVLPD.html]
[shell-storm.org/x86doc/MOVLPS.html]
[shell-storm.org/x86doc/MOVMSKPD.html]
[shell-storm.org/x86doc/MOVMSKPS.html]
[shell-storm.org/x86doc/MOVNTDQ.html]
[shell-storm.org/x86doc/MOVNTDQA.html]
[shell-storm.org/x86doc/MOVNTI.html]
[shell-storm.org/x86doc/MOVNTPD.html]
[shell-storm.org/x86doc/MOVNTPS.html]
[shell-storm.org/x86doc/MOVNTQ.html]
[shell-storm.org/x86doc/MOVQ.html]
[shell-storm.org/x86doc/MOVQ2DQ.html]
[shell-storm.org/x86doc/MOVSD.html]
[shell-storm.org/x86doc/MOVSHDUP.html]
[shell-storm.org/x86doc/MOVSLDUP.html]
[shell-storm.org/x86doc/MOVSS.html]
[shell-storm.org/x86doc/MOVSX_MOVSXD.html]
[shell-storm.org/x86doc/MOVS_MOVSB_MOVSW_MOVSD_MOVSQ.html]
[shell-storm.org/x86doc/MOVUPD.html]
[shell-storm.org/x86doc/MOVUPS.html]
[shell-storm.org/x86doc/MOVZX.html]
[shell-storm.org/x86doc/MPSADBW.html]
[shell-storm.org/x86doc/MUL.html]
[shell-storm.org/x86doc/MULPD.html]
[shell-storm.org/x86doc/MULPS.html]
[shell-storm.org/x86doc/MULSD.html]
[shell-storm.org/x86doc/MULSS.html]
[shell-storm.org/x86doc/MULX.html]
[shell-storm.org/x86doc/MWAIT.html]
[shell-storm.org/x86doc/NEG.html]
[shell-storm.org/x86doc/NOP.html]
[shell-storm.org/x86doc/NOT.html]
[shell-storm.org/x86doc/OR.html]
[shell-storm.org/x86doc/ORPD.html]
[shell-storm.org/x86doc/ORPS.html]
[shell-storm.org/x86doc/OUT.html]
[shell-storm.org/x86doc/OUTS_OUTSB_OUTSW_OUTSD.html]
[shell-storm.org/x86doc/PABSB_PABSW_PABSD_PABSQ.html]
[shell-storm.org/x86doc/PACKSSWB_PACKSSDW.html]
[shell-storm.org/x86doc/PACKUSDW.html]
[shell-storm.org/x86doc/PACKUSWB.html]
[shell-storm.org/x86doc/PADDB_PADDW_PADDD_PADDQ.html]
[shell-storm.org/x86doc/PADDSB_PADDSW.html]
[shell-storm.org/x86doc/PADDUSB_PADDUSW.html]
[shell-storm.org/x86doc/PALIGNR.html]
[shell-storm.org/x86doc/PAND.html]
[shell-storm.org/x86doc/PANDN.html]
[shell-storm.org/x86doc/PAUSE.html]
[shell-storm.org/x86doc/PAVGB_PAVGW.html]
[shell-storm.org/x86doc/PBLENDVB.html]
[shell-storm.org/x86doc/PBLENDW.html]
[shell-storm.org/x86doc/PCLMULQDQ.html]
[shell-storm.org/x86doc/PCMPEQB_PCMPEQW_PCMPEQD.html]
[shell-storm.org/x86doc/PCMPEQQ.html]
[shell-storm.org/x86doc/PCMPESTRI.html]
[shell-storm.org/x86doc/PCMPESTRM.html]
[shell-storm.org/x86doc/PCMPGTB_PCMPGTW_PCMPGTD.html]
[shell-storm.org/x86doc/PCMPGTQ.html]
[shell-storm.org/x86doc/PCMPISTRI.html]
[shell-storm.org/x86doc/PCMPISTRM.html]
[shell-storm.org/x86doc/PDEP.html]
[shell-storm.org/x86doc/PEXT.html]
[shell-storm.org/x86doc/PEXTRB_PEXTRD_PEXTRQ.html]
[shell-storm.org/x86doc/PEXTRW.html]
[shell-storm.org/x86doc/PHADDSW.html]
[shell-storm.org/x86doc/PHADDW_PHADDD.html]
[shell-storm.org/x86doc/PHMINPOSUW.html]
[shell-storm.org/x86doc/PHSUBSW.html]
[shell-storm.org/x86doc/PHSUBW_PHSUBD.html]
[shell-storm.org/x86doc/PINSRB_PINSRD_PINSRQ.html]
[shell-storm.org/x86doc/PINSRW.html]
[shell-storm.org/x86doc/PMADDUBSW.html]
[shell-storm.org/x86doc/PMADDWD.html]
[shell-storm.org/x86doc/PMAXSB_PMAXSW_PMAXSD_PMAXSQ.html]
[shell-storm.org/x86doc/PMAXUB_PMAXUW.html]
[shell-storm.org/x86doc/PMAXUD_PMAXUQ.html]
[shell-storm.org/x86doc/PMINSB_PMINSW.html]
[shell-storm.org/x86doc/PMINSD_PMINSQ.html]
[shell-storm.org/x86doc/PMINUB_PMINUW.html]
[shell-storm.org/x86doc/PMINUD_PMINUQ.html]
[shell-storm.org/x86doc/PMOVMSKB.html]
[shell-storm.org/x86doc/PMOVSX.html]
[shell-storm.org/x86doc/PMOVZX.html]
[shell-storm.org/x86doc/PMULDQ.html]
[shell-storm.org/x86doc/PMULHRSW.html]
[shell-storm.org/x86doc/PMULHUW.html]
[shell-storm.org/x86doc/PMULHW.html]
[shell-storm.org/x86doc/PMULLD_PMULLQ.html]
[shell-storm.org/x86doc/PMULLW.html]
[shell-storm.org/x86doc/PMULUDQ.html]
[shell-storm.org/x86doc/POP.html]
[shell-storm.org/x86doc/POPA_POPAD.html]
[shell-storm.org/x86doc/POPCNT.html]
[shell-storm.org/x86doc/POPF_POPFD_POPFQ.html]
[shell-storm.org/x86doc/POR.html]
[shell-storm.org/x86doc/PREFETCHW.html]
[shell-storm.org/x86doc/PREFETCHWT1.html]
[shell-storm.org/x86doc/PREFETCHh.html]
[shell-storm.org/x86doc/PROLD_PROLVD_PROLQ_PROLVQ.html]
[shell-storm.org/x86doc/PRORD_PRORVD_PRORQ_PRORVQ.html]
[shell-storm.org/x86doc/PSADBW.html]
[shell-storm.org/x86doc/PSHUFB.html]
[shell-storm.org/x86doc/PSHUFD.html]
[shell-storm.org/x86doc/PSHUFHW.html]
[shell-storm.org/x86doc/PSHUFLW.html]
[shell-storm.org/x86doc/PSHUFW.html]
[shell-storm.org/x86doc/PSIGNB_PSIGNW_PSIGND.html]
[shell-storm.org/x86doc/PSLLDQ.html]
[shell-storm.org/x86doc/PSLLW_PSLLD_PSLLQ.html]
[shell-storm.org/x86doc/PSRAW_PSRAD_PSRAQ.html]
[shell-storm.org/x86doc/PSRLDQ.html]
[shell-storm.org/x86doc/PSRLW_PSRLD_PSRLQ.html]
[shell-storm.org/x86doc/PSUBB_PSUBW_PSUBD.html]
[shell-storm.org/x86doc/PSUBQ.html]
[shell-storm.org/x86doc/PSUBSB_PSUBSW.html]
[shell-storm.org/x86doc/PSUBUSB_PSUBUSW.html]
[shell-storm.org/x86doc/PTEST.html]
[shell-storm.org/x86doc/PTWRITE.html]
[shell-storm.org/x86doc/PUNPCKHBW_PUNPCKHWD_PUNPCKHDQ_PUNPCKHQDQ.html]
[shell-storm.org/x86doc/PUNPCKLBW_PUNPCKLWD_PUNPCKLDQ_PUNPCKLQDQ.html]
[shell-storm.org/x86doc/PUSH.html]
[shell-storm.org/x86doc/PUSHA_PUSHAD.html]
[shell-storm.org/x86doc/PUSHF_PUSHFD.html]
[shell-storm.org/x86doc/PXOR.html]
[shell-storm.org/x86doc/RCL_RCR_ROL_ROR.html]
[shell-storm.org/x86doc/RCPPS.html]
[shell-storm.org/x86doc/RCPSS.html]
[shell-storm.org/x86doc/RDFSBASE_RDGSBASE.html]
[shell-storm.org/x86doc/RDMSR.html]
[shell-storm.org/x86doc/RDPID.html]
[shell-storm.org/x86doc/RDPKRU.html]
[shell-storm.org/x86doc/RDPMC.html]
[shell-storm.org/x86doc/RDRAND.html]
[shell-storm.org/x86doc/RDSEED.html]
[shell-storm.org/x86doc/RDTSC.html]
[shell-storm.org/x86doc/RDTSCP.html]
[shell-storm.org/x86doc/REP_REPE_REPZ_REPNE_REPNZ.html]
[shell-storm.org/x86doc/RET.html]
[shell-storm.org/x86doc/RORX.html]
[shell-storm.org/x86doc/ROUNDPD.html]
[shell-storm.org/x86doc/ROUNDPS.html]
[shell-storm.org/x86doc/ROUNDSD.html]
[shell-storm.org/x86doc/ROUNDSS.html]
[shell-storm.org/x86doc/RSM.html]
[shell-storm.org/x86doc/RSQRTPS.html]
[shell-storm.org/x86doc/RSQRTSS.html]
[shell-storm.org/x86doc/SAHF.html]
[shell-storm.org/x86doc/SAL_SAR_SHL_SHR.html]
[shell-storm.org/x86doc/SARX_SHLX_SHRX.html]
[shell-storm.org/x86doc/SBB.html]
[shell-storm.org/x86doc/SCAS_SCASB_SCASW_SCASD.html]
[shell-storm.org/x86doc/SETcc.html]
[shell-storm.org/x86doc/SFENCE.html]
[shell-storm.org/x86doc/SGDT.html]
[shell-storm.org/x86doc/SHA1MSG1.html]
[shell-storm.org/x86doc/SHA1MSG2.html]
[shell-storm.org/x86doc/SHA1NEXTE.html]
[shell-storm.org/x86doc/SHA1RNDS4.html]
[shell-storm.org/x86doc/SHA256MSG1.html]
[shell-storm.org/x86doc/SHA256MSG2.html]
[shell-storm.org/x86doc/SHA256RNDS2.html]
[shell-storm.org/x86doc/SHLD.html]
[shell-storm.org/x86doc/SHRD.html]
[shell-storm.org/x86doc/SHUFPD.html]
[shell-storm.org/x86doc/SHUFPS.html]
[shell-storm.org/x86doc/SIDT.html]
[shell-storm.org/x86doc/SLDT.html]
[shell-storm.org/x86doc/SMSW.html]
[shell-storm.org/x86doc/SQRTPD.html]
[shell-storm.org/x86doc/SQRTPS.html]
[shell-storm.org/x86doc/SQRTSD.html]
[shell-storm.org/x86doc/SQRTSS.html]
[shell-storm.org/x86doc/STAC.html]
[shell-storm.org/x86doc/STC.html]
[shell-storm.org/x86doc/STD.html]
[shell-storm.org/x86doc/STI.html]
[shell-storm.org/x86doc/STMXCSR.html]
[shell-storm.org/x86doc/STOS_STOSB_STOSW_STOSD_STOSQ.html]
[shell-storm.org/x86doc/STR.html]
[shell-storm.org/x86doc/SUB.html]
[shell-storm.org/x86doc/SUBPD.html]
[shell-storm.org/x86doc/SUBPS.html]
[shell-storm.org/x86doc/SUBSD.html]
[shell-storm.org/x86doc/SUBSS.html]
[shell-storm.org/x86doc/SWAPGS.html]
[shell-storm.org/x86doc/SYSCALL.html]
[shell-storm.org/x86doc/SYSENTER.html]
[shell-storm.org/x86doc/SYSEXIT.html]
[shell-storm.org/x86doc/SYSRET.html]
[shell-storm.org/x86doc/TEST.html]
[shell-storm.org/x86doc/TZCNT.html]
[shell-storm.org/x86doc/UCOMISD.html]
[shell-storm.org/x86doc/UCOMISS.html]
[shell-storm.org/x86doc/UD2.html]
[shell-storm.org/x86doc/UNPCKHPD.html]
[shell-storm.org/x86doc/UNPCKHPS.html]
[shell-storm.org/x86doc/UNPCKLPD.html]
[shell-storm.org/x86doc/UNPCKLPS.html]
[shell-storm.org/x86doc/VALIGND_VALIGNQ.html]
[shell-storm.org/x86doc/VBLENDMPD_VBLENDMPS.html]
[shell-storm.org/x86doc/VBROADCAST.html]
[shell-storm.org/x86doc/VCOMPRESSPD.html]
[shell-storm.org/x86doc/VCOMPRESSPS.html]
[shell-storm.org/x86doc/VCVTPD2QQ.html]
[shell-storm.org/x86doc/VCVTPD2UDQ.html]
[shell-storm.org/x86doc/VCVTPD2UQQ.html]
[shell-storm.org/x86doc/VCVTPH2PS.html]
[shell-storm.org/x86doc/VCVTPS2PH.html]
[shell-storm.org/x86doc/VCVTPS2QQ.html]
[shell-storm.org/x86doc/VCVTPS2UDQ.html]
[shell-storm.org/x86doc/VCVTPS2UQQ.html]
[shell-storm.org/x86doc/VCVTQQ2PD.html]
[shell-storm.org/x86doc/VCVTQQ2PS.html]
[shell-storm.org/x86doc/VCVTSD2USI.html]
[shell-storm.org/x86doc/VCVTSS2USI.html]
[shell-storm.org/x86doc/VCVTTPD2QQ.html]
[shell-storm.org/x86doc/VCVTTPD2UDQ.html]
[shell-storm.org/x86doc/VCVTTPD2UQQ.html]
[shell-storm.org/x86doc/VCVTTPS2QQ.html]
[shell-storm.org/x86doc/VCVTTPS2UDQ.html]
[shell-storm.org/x86doc/VCVTTPS2UQQ.html]
[shell-storm.org/x86doc/VCVTTSD2USI.html]
[shell-storm.org/x86doc/VCVTTSS2USI.html]
[shell-storm.org/x86doc/VCVTUDQ2PD.html]
[shell-storm.org/x86doc/VCVTUDQ2PS.html]
[shell-storm.org/x86doc/VCVTUQQ2PD.html]
[shell-storm.org/x86doc/VCVTUQQ2PS.html]
[shell-storm.org/x86doc/VCVTUSI2SD.html]
[shell-storm.org/x86doc/VCVTUSI2SS.html]
[shell-storm.org/x86doc/VDBPSADBW.html]
[shell-storm.org/x86doc/VERR_VERW.html]
[shell-storm.org/x86doc/VEXP2PD.html]
[shell-storm.org/x86doc/VEXP2PS.html]
[shell-storm.org/x86doc/VEXPANDPD.html]
[shell-storm.org/x86doc/VEXPANDPS.html]
[shell-storm.org/x86doc/VEXTRACTF128_VEXTRACTF32x4_VEXTRACTF64x2_VEXTRACTF32x8_VEXTRACTF64x4.html]
[shell-storm.org/x86doc/VEXTRACTI128_VEXTRACTI32x4_VEXTRACTI64x2_VEXTRACTI32x8_VEXTRACTI64x4.html]
[shell-storm.org/x86doc/VFIXUPIMMPD.html]
[shell-storm.org/x86doc/VFIXUPIMMPS.html]
[shell-storm.org/x86doc/VFIXUPIMMSD.html]
[shell-storm.org/x86doc/VFIXUPIMMSS.html]
[shell-storm.org/x86doc/VFMADD132PD_VFMADD213PD_VFMADD231PD.html]
[shell-storm.org/x86doc/VFMADD132PS_VFMADD213PS_VFMADD231PS.html]
[shell-storm.org/x86doc/VFMADD132SD_VFMADD213SD_VFMADD231SD.html]
[shell-storm.org/x86doc/VFMADD132SS_VFMADD213SS_VFMADD231SS.html]
[shell-storm.org/x86doc/VFMADDSUB132PD_VFMADDSUB213PD_VFMADDSUB231PD.html]
[shell-storm.org/x86doc/VFMADDSUB132PS_VFMADDSUB213PS_VFMADDSUB231PS.html]
[shell-storm.org/x86doc/VFMSUB132PD_VFMSUB213PD_VFMSUB231PD.html]
[shell-storm.org/x86doc/VFMSUB132PS_VFMSUB213PS_VFMSUB231PS.html]
[shell-storm.org/x86doc/VFMSUB132SD_VFMSUB213SD_VFMSUB231SD.html]
[shell-storm.org/x86doc/VFMSUB132SS_VFMSUB213SS_VFMSUB231SS.html]
[shell-storm.org/x86doc/VFMSUBADD132PD_VFMSUBADD213PD_VFMSUBADD231PD.html]
[shell-storm.org/x86doc/VFMSUBADD132PS_VFMSUBADD213PS_VFMSUBADD231PS.html]
[shell-storm.org/x86doc/VFNMADD132PD_VFNMADD213PD_VFNMADD231PD.html]
[shell-storm.org/x86doc/VFNMADD132PS_VFNMADD213PS_VFNMADD231PS.html]
[shell-storm.org/x86doc/VFNMADD132SD_VFNMADD213SD_VFNMADD231SD.html]
[shell-storm.org/x86doc/VFNMADD132SS_VFNMADD213SS_VFNMADD231SS.html]
[shell-storm.org/x86doc/VFNMSUB132PD_VFNMSUB213PD_VFNMSUB231PD.html]
[shell-storm.org/x86doc/VFNMSUB132PS_VFNMSUB213PS_VFNMSUB231PS.html]
[shell-storm.org/x86doc/VFNMSUB132SD_VFNMSUB213SD_VFNMSUB231SD.html]
[shell-storm.org/x86doc/VFNMSUB132SS_VFNMSUB213SS_VFNMSUB231SS.html]
[shell-storm.org/x86doc/VFPCLASSPD.html]
[shell-storm.org/x86doc/VFPCLASSPS.html]
[shell-storm.org/x86doc/VFPCLASSSD.html]
[shell-storm.org/x86doc/VFPCLASSSS.html]
[shell-storm.org/x86doc/VGATHERDPD_VGATHERQPD.html]
[shell-storm.org/x86doc/VGATHERDPS_VGATHERDPD.html]
[shell-storm.org/x86doc/VGATHERDPS_VGATHERQPS.html]
[shell-storm.org/x86doc/VGATHERPF0DPS_VGATHERPF0QPS_VGATHERPF0DPD_VGATHERPF0QPD.html]
[shell-storm.org/x86doc/VGATHERPF1DPS_VGATHERPF1QPS_VGATHERPF1DPD_VGATHERPF1QPD.html]
[shell-storm.org/x86doc/VGATHERQPS_VGATHERQPD.html]
[shell-storm.org/x86doc/VGETEXPPD.html]
[shell-storm.org/x86doc/VGETEXPPS.html]
[shell-storm.org/x86doc/VGETEXPSD.html]
[shell-storm.org/x86doc/VGETEXPSS.html]
[shell-storm.org/x86doc/VGETMANTPD.html]
[shell-storm.org/x86doc/VGETMANTPS.html]
[shell-storm.org/x86doc/VGETMANTSD.html]
[shell-storm.org/x86doc/VGETMANTSS.html]
[shell-storm.org/x86doc/VINSERTF128_VINSERTF32x4_VINSERTF64x2_VINSERTF32x8_VINSERTF64x4.html]
[shell-storm.org/x86doc/VINSERTI128_VINSERTI32x4_VINSERTI64x2_VINSERTI32x8_VINSERTI64x4.html]
[shell-storm.org/x86doc/VMASKMOV.html]
[shell-storm.org/x86doc/VPBLENDD.html]
[shell-storm.org/x86doc/VPBLENDMB_VPBLENDMW.html]
[shell-storm.org/x86doc/VPBLENDMD_VPBLENDMQ.html]
[shell-storm.org/x86doc/VPBROADCAST.html]
[shell-storm.org/x86doc/VPBROADCASTB_W_D_Q.html]
[shell-storm.org/x86doc/VPBROADCASTM.html]
[shell-storm.org/x86doc/VPCMPB_VPCMPUB.html]
[shell-storm.org/x86doc/VPCMPD_VPCMPUD.html]
[shell-storm.org/x86doc/VPCMPQ_VPCMPUQ.html]
[shell-storm.org/x86doc/VPCMPW_VPCMPUW.html]
[shell-storm.org/x86doc/VPCOMPRESSD.html]
[shell-storm.org/x86doc/VPCOMPRESSQ.html]
[shell-storm.org/x86doc/VPCONFLICTD_Q.html]
[shell-storm.org/x86doc/VPERM2F128.html]
[shell-storm.org/x86doc/VPERM2I128.html]
[shell-storm.org/x86doc/VPERMD_VPERMW.html]
[shell-storm.org/x86doc/VPERMI2W_D_Q_PS_PD.html]
[shell-storm.org/x86doc/VPERMILPD.html]
[shell-storm.org/x86doc/VPERMILPS.html]
[shell-storm.org/x86doc/VPERMPD.html]
[shell-storm.org/x86doc/VPERMPS.html]
[shell-storm.org/x86doc/VPERMQ.html]
[shell-storm.org/x86doc/VPEXPANDD.html]
[shell-storm.org/x86doc/VPEXPANDQ.html]
[shell-storm.org/x86doc/VPGATHERDD_VPGATHERDQ.html]
[shell-storm.org/x86doc/VPGATHERDD_VPGATHERQD.html]
[shell-storm.org/x86doc/VPGATHERDQ_VPGATHERQQ.html]
[shell-storm.org/x86doc/VPGATHERQD_VPGATHERQQ.html]
[shell-storm.org/x86doc/VPLZCNTD_Q.html]
[shell-storm.org/x86doc/VPMASKMOV.html]
[shell-storm.org/x86doc/VPMOVB2M_VPMOVW2M_VPMOVD2M_VPMOVQ2M.html]
[shell-storm.org/x86doc/VPMOVDB_VPMOVSDB_VPMOVUSDB.html]
[shell-storm.org/x86doc/VPMOVDW_VPMOVSDW_VPMOVUSDW.html]
[shell-storm.org/x86doc/VPMOVM2B_VPMOVM2W_VPMOVM2D_VPMOVM2Q.html]
[shell-storm.org/x86doc/VPMOVQB_VPMOVSQB_VPMOVUSQB.html]
[shell-storm.org/x86doc/VPMOVQD_VPMOVSQD_VPMOVUSQD.html]
[shell-storm.org/x86doc/VPMOVQW_VPMOVSQW_VPMOVUSQW.html]
[shell-storm.org/x86doc/VPMOVWB_VPMOVSWB_VPMOVUSWB.html]
[shell-storm.org/x86doc/VPSCATTERDD_VPSCATTERDQ_VPSCATTERQD_VPSCATTERQQ.html]
[shell-storm.org/x86doc/VPSLLVW_VPSLLVD_VPSLLVQ.html]
[shell-storm.org/x86doc/VPSRAVW_VPSRAVD_VPSRAVQ.html]
[shell-storm.org/x86doc/VPSRLVW_VPSRLVD_VPSRLVQ.html]
[shell-storm.org/x86doc/VPTERNLOGD_VPTERNLOGQ.html]
[shell-storm.org/x86doc/VPTESTMB_VPTESTMW_VPTESTMD_VPTESTMQ.html]
[shell-storm.org/x86doc/VPTESTNMB_W_D_Q.html]
[shell-storm.org/x86doc/VRANGEPD.html]
[shell-storm.org/x86doc/VRANGEPS.html]
[shell-storm.org/x86doc/VRANGESD.html]
[shell-storm.org/x86doc/VRANGESS.html]
[shell-storm.org/x86doc/VRCP14PD.html]
[shell-storm.org/x86doc/VRCP14PS.html]
[shell-storm.org/x86doc/VRCP14SD.html]
[shell-storm.org/x86doc/VRCP14SS.html]
[shell-storm.org/x86doc/VRCP28PD.html]
[shell-storm.org/x86doc/VRCP28PS.html]
[shell-storm.org/x86doc/VRCP28SD.html]
[shell-storm.org/x86doc/VRCP28SS.html]
[shell-storm.org/x86doc/VREDUCEPD.html]
[shell-storm.org/x86doc/VREDUCEPS.html]
[shell-storm.org/x86doc/VREDUCESD.html]
[shell-storm.org/x86doc/VREDUCESS.html]
[shell-storm.org/x86doc/VRNDSCALEPD.html]
[shell-storm.org/x86doc/VRNDSCALEPS.html]
[shell-storm.org/x86doc/VRNDSCALESD.html]
[shell-storm.org/x86doc/VRNDSCALESS.html]
[shell-storm.org/x86doc/VRSQRT14PD.html]
[shell-storm.org/x86doc/VRSQRT14PS.html]
[shell-storm.org/x86doc/VRSQRT14SD.html]
[shell-storm.org/x86doc/VRSQRT14SS.html]
[shell-storm.org/x86doc/VRSQRT28PD.html]
[shell-storm.org/x86doc/VRSQRT28PS.html]
[shell-storm.org/x86doc/VRSQRT28SD.html]
[shell-storm.org/x86doc/VRSQRT28SS.html]
[shell-storm.org/x86doc/VSCALEFPD.html]
[shell-storm.org/x86doc/VSCALEFPS.html]
[shell-storm.org/x86doc/VSCALEFSD.html]
[shell-storm.org/x86doc/VSCALEFSS.html]
[shell-storm.org/x86doc/VSCATTERDPS_VSCATTERDPD_VSCATTERQPS_VSCATTERQPD.html]
[shell-storm.org/x86doc/VSCATTERPF0DPS_VSCATTERPF0QPS_VSCATTERPF0DPD_VSCATTERPF0QPD.html]
[shell-storm.org/x86doc/VSCATTERPF1DPS_VSCATTERPF1QPS_VSCATTERPF1DPD_VSCATTERPF1QPD.html]
[shell-storm.org/x86doc/VSHUFF32x4_VSHUFF64x2_VSHUFI32x4_VSHUFI64x2.html]
[shell-storm.org/x86doc/VTESTPD_VTESTPS.html]
[shell-storm.org/x86doc/VZEROALL.html]
[shell-storm.org/x86doc/VZEROUPPER.html]
[shell-storm.org/x86doc/WAIT_FWAIT.html]
[shell-storm.org/x86doc/WBINVD.html]
[shell-storm.org/x86doc/WRFSBASE_WRGSBASE.html]
[shell-storm.org/x86doc/WRMSR.html]
[shell-storm.org/x86doc/WRPKRU.html]
[shell-storm.org/x86doc/XABORT.html]
[shell-storm.org/x86doc/XACQUIRE_XRELEASE.html]
[shell-storm.org/x86doc/XADD.html]
[shell-storm.org/x86doc/XBEGIN.html]
[shell-storm.org/x86doc/XCHG.html]
[shell-storm.org/x86doc/XEND.html]
[shell-storm.org/x86doc/XGETBV.html]
[shell-storm.org/x86doc/XLAT_XLATB.html]
[shell-storm.org/x86doc/XOR.html]
[shell-storm.org/x86doc/XORPD.html]
[shell-storm.org/x86doc/XORPS.html]
[shell-storm.org/x86doc/XRSTOR.html]
[shell-storm.org/x86doc/XRSTORS.html]
[shell-storm.org/x86doc/XSAVE.html]
[shell-storm.org/x86doc/XSAVEC.html]
[shell-storm.org/x86doc/XSAVEOPT.html]
[shell-storm.org/x86doc/XSAVES.html]
[shell-storm.org/x86doc/XSETBV.html]
[shell-storm.org/x86doc/XTEST.html]
[shell-storm.org/x86doc/style.css]
